*** Starting uWSGI 2.0.28 (64bit) on [Sun Mar  9 23:51:51 2025] ***
compiled with version: 10.2.1 20210130 (Red Hat 10.2.1-11) on 31 October 2024 18:21:24
os: Linux-5.15.167.4-microsoft-standard-WSL2 #1 SMP Tue Nov 5 00:21:55 UTC 2024
nodename: DESKTOP-1SMCING
machine: x86_64
clock source: unix
pcre jit disabled
detected number of CPU cores: 16
current working directory: /home/takato/Git/jpelectricdata/app
detected binary path: /home/takato/.local/share/uv/python/cpython-3.12.8-linux-x86_64-gnu/bin/python3.12
chdir() to /home/takato/Git/jpelectricdata/
your processes number limit is 257197
your memory page size is 4096 bytes
detected max file descriptor number: 1048576
lock engine: pthread robust mutexes
thunder lock: disabled (you can enable it with --thunder-lock)
uwsgi socket 0 bound to UNIX address /tmp/uwsgi.sock fd 3
Python version: 3.12.8 (main, Dec  6 2024, 19:59:28) [Clang 18.1.8 ]
--- Python VM already initialized ---
Python main interpreter initialized at 0x7f8995aca0b0
python threads support enabled
your server socket listen backlog is limited to 100 connections
your mercy for graceful operations on workers is 60 seconds
mapped 145808 bytes (142 KB) for 1 cores
*** Operational MODE: single process ***
unable to load app 0 (mountpoint='') (callable not found or import error)
Traceback (most recent call last):
  File "/home/takato/Git/jpelectricdata//app/app.py", line 6, in <module>
    from datareader import DataReader
ModuleNotFoundError: No module named 'datareader'
unable to load app 0 (mountpoint='') (callable not found or import error)
*** no app loaded. going in full dynamic mode ***
*** uWSGI is running in multiple interpreter mode ***
spawned uWSGI master process (pid: 166382)
spawned uWSGI worker 1 (pid: 166405, cores: 1)
--- no python application found, check your startup logs for errors ---
[pid: 166405|app: -1|req: -1/1] 127.0.0.1 () {58 vars in 994 bytes} [Sun Mar  9 23:51:54 2025] GET / => generated 21 bytes in 0 msecs (HTTP/1.1 500) 2 headers in 83 bytes (0 switches on core 0)
--- no python application found, check your startup logs for errors ---
[pid: 166405|app: -1|req: -1/2] 127.0.0.1 () {54 vars in 929 bytes} [Sun Mar  9 23:51:55 2025] GET /favicon.ico => generated 21 bytes in 0 msecs (HTTP/1.1 500) 2 headers in 83 bytes (0 switches on core 0)
SIGINT/SIGTERM received...killing workers...
worker 1 buried after 1 seconds
goodbye to uWSGI.
VACUUM: unix socket /tmp/uwsgi.sock removed.
*** Starting uWSGI 2.0.28 (64bit) on [Sun Mar  9 23:52:21 2025] ***
compiled with version: 10.2.1 20210130 (Red Hat 10.2.1-11) on 31 October 2024 18:21:24
os: Linux-5.15.167.4-microsoft-standard-WSL2 #1 SMP Tue Nov 5 00:21:55 UTC 2024
nodename: DESKTOP-1SMCING
machine: x86_64
clock source: unix
pcre jit disabled
detected number of CPU cores: 16
current working directory: /home/takato/Git/jpelectricdata/app
detected binary path: /home/takato/.local/share/uv/python/cpython-3.12.8-linux-x86_64-gnu/bin/python3.12
chdir() to /home/takato/Git/jpelectricdata/
your processes number limit is 257197
your memory page size is 4096 bytes
detected max file descriptor number: 1048576
lock engine: pthread robust mutexes
thunder lock: disabled (you can enable it with --thunder-lock)
uwsgi socket 0 bound to UNIX address /tmp/uwsgi.sock fd 3
Python version: 3.12.8 (main, Dec  6 2024, 19:59:28) [Clang 18.1.8 ]
--- Python VM already initialized ---
Python main interpreter initialized at 0x7fd8ab55d0b0
python threads support enabled
your server socket listen backlog is limited to 100 connections
your mercy for graceful operations on workers is 60 seconds
mapped 145808 bytes (142 KB) for 1 cores
*** Operational MODE: single process ***
unable to load app 0 (mountpoint='') (callable not found or import error)
Traceback (most recent call last):
  File "/home/takato/Git/jpelectricdata//app/app.py", line 6, in <module>
    from datareader import DataReader
ModuleNotFoundError: No module named 'datareader'
unable to load app 0 (mountpoint='') (callable not found or import error)
*** no app loaded. going in full dynamic mode ***
*** uWSGI is running in multiple interpreter mode ***
spawned uWSGI master process (pid: 166625)
spawned uWSGI worker 1 (pid: 166641, cores: 1)
--- no python application found, check your startup logs for errors ---
[pid: 166641|app: -1|req: -1/1] 127.0.0.1 () {60 vars in 1016 bytes} [Sun Mar  9 23:52:23 2025] GET / => generated 21 bytes in 0 msecs (HTTP/1.1 500) 2 headers in 83 bytes (0 switches on core 0)
--- no python application found, check your startup logs for errors ---
[pid: 166641|app: -1|req: -1/2] 127.0.0.1 () {58 vars in 982 bytes} [Sun Mar  9 23:52:23 2025] GET /favicon.ico => generated 21 bytes in 0 msecs (HTTP/1.1 500) 2 headers in 83 bytes (0 switches on core 0)
SIGINT/SIGTERM received...killing workers...
worker 1 buried after 1 seconds
goodbye to uWSGI.
VACUUM: unix socket /tmp/uwsgi.sock removed.
*** Starting uWSGI 2.0.28 (64bit) on [Sun Mar  9 23:53:00 2025] ***
compiled with version: 9.4.0 on 08 March 2025 16:15:46
os: Linux-5.15.167.4-microsoft-standard-WSL2 #1 SMP Tue Nov 5 00:21:55 UTC 2024
nodename: DESKTOP-1SMCING
machine: x86_64
clock source: unix
pcre jit disabled
detected number of CPU cores: 16
current working directory: /home/takato/Git/jpelectricdata/app
detected binary path: /home/takato/miniforge3/envs/py312pip/bin/uwsgi
chdir() to /home/takato/Git/jpelectricdata/
your processes number limit is 257197
your memory page size is 4096 bytes
detected max file descriptor number: 1048576
lock engine: pthread robust mutexes
thunder lock: disabled (you can enable it with --thunder-lock)
uwsgi socket 0 bound to UNIX address /tmp/uwsgi.sock fd 3
Python version: 3.12.8 | packaged by conda-forge | (main, Dec  5 2024, 14:50:27) [GCC 13.3.0]
Python main interpreter initialized at 0x7fae51176df0
python threads support enabled
your server socket listen backlog is limited to 100 connections
your mercy for graceful operations on workers is 60 seconds
mapped 145808 bytes (142 KB) for 1 cores
*** Operational MODE: single process ***
unable to load app 0 (mountpoint='') (callable not found or import error)
Traceback (most recent call last):
  File "/home/takato/Git/jpelectricdata//app/app.py", line 6, in <module>
    from datareader import DataReader
ModuleNotFoundError: No module named 'datareader'
unable to load app 0 (mountpoint='') (callable not found or import error)
*** no app loaded. going in full dynamic mode ***
*** uWSGI is running in multiple interpreter mode ***
spawned uWSGI master process (pid: 166897)
spawned uWSGI worker 1 (pid: 166942, cores: 1)
--- no python application found, check your startup logs for errors ---
[pid: 166942|app: -1|req: -1/1] 127.0.0.1 () {58 vars in 994 bytes} [Sun Mar  9 23:53:03 2025] GET / => generated 21 bytes in 0 msecs (HTTP/1.1 500) 2 headers in 83 bytes (0 switches on core 0)
--- no python application found, check your startup logs for errors ---
[pid: 166942|app: -1|req: -1/2] 127.0.0.1 () {54 vars in 929 bytes} [Sun Mar  9 23:53:03 2025] GET /favicon.ico => generated 21 bytes in 0 msecs (HTTP/1.1 500) 2 headers in 83 bytes (0 switches on core 0)
--- no python application found, check your startup logs for errors ---
[pid: 166942|app: -1|req: -1/3] 127.0.0.1 () {58 vars in 994 bytes} [Sun Mar  9 23:53:04 2025] GET / => generated 21 bytes in 0 msecs (HTTP/1.1 500) 2 headers in 83 bytes (0 switches on core 0)
--- no python application found, check your startup logs for errors ---
[pid: 166942|app: -1|req: -1/4] 127.0.0.1 () {54 vars in 929 bytes} [Sun Mar  9 23:53:04 2025] GET /favicon.ico => generated 21 bytes in 0 msecs (HTTP/1.1 500) 2 headers in 83 bytes (0 switches on core 0)
--- no python application found, check your startup logs for errors ---
[pid: 166942|app: -1|req: -1/5] 127.0.0.1 () {60 vars in 1016 bytes} [Sun Mar  9 23:53:06 2025] GET / => generated 21 bytes in 0 msecs (HTTP/1.1 500) 2 headers in 83 bytes (0 switches on core 0)
--- no python application found, check your startup logs for errors ---
[pid: 166942|app: -1|req: -1/6] 127.0.0.1 () {58 vars in 982 bytes} [Sun Mar  9 23:53:06 2025] GET /favicon.ico => generated 21 bytes in 0 msecs (HTTP/1.1 500) 2 headers in 83 bytes (0 switches on core 0)
--- no python application found, check your startup logs for errors ---
[pid: 166942|app: -1|req: -1/7] 127.0.0.1 () {58 vars in 994 bytes} [Sun Mar  9 23:53:27 2025] GET / => generated 21 bytes in 0 msecs (HTTP/1.1 500) 2 headers in 83 bytes (0 switches on core 0)
--- no python application found, check your startup logs for errors ---
[pid: 166942|app: -1|req: -1/8] 127.0.0.1 () {54 vars in 929 bytes} [Sun Mar  9 23:53:27 2025] GET /favicon.ico => generated 21 bytes in 0 msecs (HTTP/1.1 500) 2 headers in 83 bytes (0 switches on core 0)
SIGINT/SIGTERM received...killing workers...
worker 1 buried after 1 seconds
goodbye to uWSGI.
VACUUM: unix socket /tmp/uwsgi.sock removed.
*** Starting uWSGI 2.0.28 (64bit) on [Sun Mar  9 23:55:13 2025] ***
compiled with version: 9.4.0 on 08 March 2025 16:15:46
os: Linux-5.15.167.4-microsoft-standard-WSL2 #1 SMP Tue Nov 5 00:21:55 UTC 2024
nodename: DESKTOP-1SMCING
machine: x86_64
clock source: unix
pcre jit disabled
detected number of CPU cores: 16
current working directory: /home/takato/Git/jpelectricdata/app
detected binary path: /home/takato/miniforge3/envs/py312pip/bin/uwsgi
chdir() to /home/takato/Git/jpelectricdata/
your processes number limit is 257197
your memory page size is 4096 bytes
detected max file descriptor number: 1048576
lock engine: pthread robust mutexes
thunder lock: disabled (you can enable it with --thunder-lock)
uwsgi socket 0 bound to UNIX address /tmp/uwsgi.sock fd 3
Python version: 3.12.8 | packaged by conda-forge | (main, Dec  5 2024, 14:50:27) [GCC 13.3.0]
Python main interpreter initialized at 0x7f3b84d07df0
python threads support enabled
your server socket listen backlog is limited to 100 connections
your mercy for graceful operations on workers is 60 seconds
mapped 145808 bytes (142 KB) for 1 cores
*** Operational MODE: single process ***
unable to load app 0 (mountpoint='') (callable not found or import error)
Traceback (most recent call last):
  File "/home/takato/Git/jpelectricdata//app/app.py", line 6, in <module>
    from datareader import DataReader
ModuleNotFoundError: No module named 'datareader'
unable to load app 0 (mountpoint='') (callable not found or import error)
*** no app loaded. going in full dynamic mode ***
*** uWSGI is running in multiple interpreter mode ***
spawned uWSGI master process (pid: 167563)
spawned uWSGI worker 1 (pid: 167601, cores: 1)
--- no python application found, check your startup logs for errors ---
[pid: 167601|app: -1|req: -1/1] 127.0.0.1 () {58 vars in 994 bytes} [Sun Mar  9 23:55:16 2025] GET / => generated 21 bytes in 0 msecs (HTTP/1.1 500) 2 headers in 83 bytes (0 switches on core 0)
--- no python application found, check your startup logs for errors ---
[pid: 167601|app: -1|req: -1/2] 127.0.0.1 () {54 vars in 929 bytes} [Sun Mar  9 23:55:16 2025] GET /favicon.ico => generated 21 bytes in 0 msecs (HTTP/1.1 500) 2 headers in 83 bytes (0 switches on core 0)
--- no python application found, check your startup logs for errors ---
[pid: 167601|app: -1|req: -1/3] 127.0.0.1 () {58 vars in 994 bytes} [Sun Mar  9 23:55:16 2025] GET / => generated 21 bytes in 0 msecs (HTTP/1.1 500) 2 headers in 83 bytes (0 switches on core 0)
--- no python application found, check your startup logs for errors ---
[pid: 167601|app: -1|req: -1/4] 127.0.0.1 () {54 vars in 929 bytes} [Sun Mar  9 23:55:16 2025] GET /favicon.ico => generated 21 bytes in 0 msecs (HTTP/1.1 500) 2 headers in 83 bytes (0 switches on core 0)
--- no python application found, check your startup logs for errors ---
[pid: 167601|app: -1|req: -1/5] 127.0.0.1 () {58 vars in 994 bytes} [Sun Mar  9 23:55:17 2025] GET / => generated 21 bytes in 0 msecs (HTTP/1.1 500) 2 headers in 83 bytes (0 switches on core 0)
--- no python application found, check your startup logs for errors ---
[pid: 167601|app: -1|req: -1/6] 127.0.0.1 () {54 vars in 929 bytes} [Sun Mar  9 23:55:17 2025] GET /favicon.ico => generated 21 bytes in 0 msecs (HTTP/1.1 500) 2 headers in 83 bytes (0 switches on core 0)
--- no python application found, check your startup logs for errors ---
[pid: 167601|app: -1|req: -1/7] 127.0.0.1 () {58 vars in 994 bytes} [Sun Mar  9 23:55:17 2025] GET / => generated 21 bytes in 0 msecs (HTTP/1.1 500) 2 headers in 83 bytes (0 switches on core 0)
--- no python application found, check your startup logs for errors ---
[pid: 167601|app: -1|req: -1/8] 127.0.0.1 () {54 vars in 929 bytes} [Sun Mar  9 23:55:17 2025] GET /favicon.ico => generated 21 bytes in 0 msecs (HTTP/1.1 500) 2 headers in 83 bytes (0 switches on core 0)
--- no python application found, check your startup logs for errors ---
[pid: 167601|app: -1|req: -1/9] 127.0.0.1 () {58 vars in 994 bytes} [Sun Mar  9 23:55:17 2025] GET / => generated 21 bytes in 0 msecs (HTTP/1.1 500) 2 headers in 83 bytes (0 switches on core 0)
--- no python application found, check your startup logs for errors ---
[pid: 167601|app: -1|req: -1/10] 127.0.0.1 () {54 vars in 929 bytes} [Sun Mar  9 23:55:17 2025] GET /favicon.ico => generated 21 bytes in 0 msecs (HTTP/1.1 500) 2 headers in 83 bytes (0 switches on core 0)
--- no python application found, check your startup logs for errors ---
[pid: 167601|app: -1|req: -1/11] 127.0.0.1 () {58 vars in 994 bytes} [Sun Mar  9 23:55:17 2025] GET / => generated 21 bytes in 0 msecs (HTTP/1.1 500) 2 headers in 83 bytes (0 switches on core 0)
--- no python application found, check your startup logs for errors ---
[pid: 167601|app: -1|req: -1/12] 127.0.0.1 () {54 vars in 929 bytes} [Sun Mar  9 23:55:17 2025] GET /favicon.ico => generated 21 bytes in 0 msecs (HTTP/1.1 500) 2 headers in 83 bytes (0 switches on core 0)
--- no python application found, check your startup logs for errors ---
[pid: 167601|app: -1|req: -1/13] 127.0.0.1 () {58 vars in 994 bytes} [Sun Mar  9 23:55:17 2025] GET / => generated 21 bytes in 0 msecs (HTTP/1.1 500) 2 headers in 83 bytes (0 switches on core 0)
--- no python application found, check your startup logs for errors ---
[pid: 167601|app: -1|req: -1/14] 127.0.0.1 () {54 vars in 929 bytes} [Sun Mar  9 23:55:17 2025] GET /favicon.ico => generated 21 bytes in 0 msecs (HTTP/1.1 500) 2 headers in 83 bytes (0 switches on core 0)
--- no python application found, check your startup logs for errors ---
[pid: 167601|app: -1|req: -1/15] 127.0.0.1 () {58 vars in 994 bytes} [Sun Mar  9 23:55:17 2025] GET / => generated 21 bytes in 0 msecs (HTTP/1.1 500) 2 headers in 83 bytes (0 switches on core 0)
--- no python application found, check your startup logs for errors ---
[pid: 167601|app: -1|req: -1/16] 127.0.0.1 () {54 vars in 929 bytes} [Sun Mar  9 23:55:17 2025] GET /favicon.ico => generated 21 bytes in 0 msecs (HTTP/1.1 500) 2 headers in 83 bytes (0 switches on core 0)
--- no python application found, check your startup logs for errors ---
[pid: 167601|app: -1|req: -1/17] 127.0.0.1 () {58 vars in 994 bytes} [Sun Mar  9 23:55:18 2025] GET / => generated 21 bytes in 0 msecs (HTTP/1.1 500) 2 headers in 83 bytes (0 switches on core 0)
--- no python application found, check your startup logs for errors ---
[pid: 167601|app: -1|req: -1/18] 127.0.0.1 () {54 vars in 929 bytes} [Sun Mar  9 23:55:18 2025] GET /favicon.ico => generated 21 bytes in 0 msecs (HTTP/1.1 500) 2 headers in 83 bytes (0 switches on core 0)
--- no python application found, check your startup logs for errors ---
[pid: 167601|app: -1|req: -1/19] 127.0.0.1 () {58 vars in 994 bytes} [Sun Mar  9 23:55:18 2025] GET / => generated 21 bytes in 0 msecs (HTTP/1.1 500) 2 headers in 83 bytes (0 switches on core 0)
--- no python application found, check your startup logs for errors ---
[pid: 167601|app: -1|req: -1/20] 127.0.0.1 () {54 vars in 929 bytes} [Sun Mar  9 23:55:18 2025] GET /favicon.ico => generated 21 bytes in 0 msecs (HTTP/1.1 500) 2 headers in 83 bytes (0 switches on core 0)
--- no python application found, check your startup logs for errors ---
[pid: 167601|app: -1|req: -1/21] 127.0.0.1 () {58 vars in 994 bytes} [Sun Mar  9 23:55:18 2025] GET / => generated 21 bytes in 0 msecs (HTTP/1.1 500) 2 headers in 83 bytes (0 switches on core 0)
--- no python application found, check your startup logs for errors ---
[pid: 167601|app: -1|req: -1/22] 127.0.0.1 () {54 vars in 929 bytes} [Sun Mar  9 23:55:18 2025] GET /favicon.ico => generated 21 bytes in 0 msecs (HTTP/1.1 500) 2 headers in 83 bytes (0 switches on core 0)
--- no python application found, check your startup logs for errors ---
[pid: 167601|app: -1|req: -1/23] 127.0.0.1 () {58 vars in 994 bytes} [Sun Mar  9 23:55:18 2025] GET / => generated 21 bytes in 0 msecs (HTTP/1.1 500) 2 headers in 83 bytes (0 switches on core 0)
--- no python application found, check your startup logs for errors ---
[pid: 167601|app: -1|req: -1/24] 127.0.0.1 () {54 vars in 929 bytes} [Sun Mar  9 23:55:18 2025] GET /favicon.ico => generated 21 bytes in 0 msecs (HTTP/1.1 500) 2 headers in 83 bytes (0 switches on core 0)
--- no python application found, check your startup logs for errors ---
[pid: 167601|app: -1|req: -1/25] 127.0.0.1 () {58 vars in 994 bytes} [Sun Mar  9 23:55:18 2025] GET / => generated 21 bytes in 0 msecs (HTTP/1.1 500) 2 headers in 83 bytes (0 switches on core 0)
--- no python application found, check your startup logs for errors ---
[pid: 167601|app: -1|req: -1/26] 127.0.0.1 () {54 vars in 929 bytes} [Sun Mar  9 23:55:18 2025] GET /favicon.ico => generated 21 bytes in 0 msecs (HTTP/1.1 500) 2 headers in 83 bytes (0 switches on core 0)
SIGINT/SIGTERM received...killing workers...
worker 1 buried after 1 seconds
goodbye to uWSGI.
VACUUM: unix socket /tmp/uwsgi.sock removed.
*** Starting uWSGI 2.0.28 (64bit) on [Sun Mar  9 23:56:43 2025] ***
compiled with version: 9.4.0 on 08 March 2025 16:15:46
os: Linux-5.15.167.4-microsoft-standard-WSL2 #1 SMP Tue Nov 5 00:21:55 UTC 2024
nodename: DESKTOP-1SMCING
machine: x86_64
clock source: unix
pcre jit disabled
detected number of CPU cores: 16
current working directory: /home/takato/Git/jpelectricdata/app
detected binary path: /home/takato/miniforge3/envs/py312pip/bin/uwsgi
chdir() to /home/takato/Git/jpelectricdata/app
your processes number limit is 257197
your memory page size is 4096 bytes
detected max file descriptor number: 1048576
lock engine: pthread robust mutexes
thunder lock: disabled (you can enable it with --thunder-lock)
uwsgi socket 0 bound to UNIX address /tmp/uwsgi.sock fd 3
Python version: 3.12.8 | packaged by conda-forge | (main, Dec  5 2024, 14:50:27) [GCC 13.3.0]
Python main interpreter initialized at 0x7f7771a13df0
python threads support enabled
your server socket listen backlog is limited to 100 connections
your mercy for graceful operations on workers is 60 seconds
mapped 145808 bytes (142 KB) for 1 cores
*** Operational MODE: single process ***
WSGI app 0 (mountpoint='') ready in 3 seconds on interpreter 0x7f7771a13df0 pid: 168127 (default app)
mountpoint  already configured. skip.
*** uWSGI is running in multiple interpreter mode ***
spawned uWSGI master process (pid: 168127)
spawned uWSGI worker 1 (pid: 168168, cores: 1)
[pid: 168168|app: 0|req: 1/1] 127.0.0.1 () {58 vars in 994 bytes} [Sun Mar  9 23:56:46 2025] GET / => generated 42976 bytes in 22 msecs (HTTP/1.1 200) 2 headers in 82 bytes (1 switches on core 0)
[pid: 168168|app: 0|req: 2/2] 127.0.0.1 () {44 vars in 822 bytes} [Sun Mar  9 23:56:46 2025] GET /_dash-component-suites/dash/dcc/dash_core_components.js.map => generated 0 bytes in 12 msecs (HTTP/1.1 304) 0 headers in 29 bytes (0 switches on core 0)
[pid: 168168|app: 0|req: 3/3] 127.0.0.1 () {44 vars in 836 bytes} [Sun Mar  9 23:56:46 2025] GET /_dash-component-suites/dash/dcc/dash_core_components-shared.js.map => generated 0 bytes in 2 msecs (HTTP/1.1 304) 0 headers in 29 bytes (0 switches on core 0)
[pid: 168168|app: 0|req: 4/4] 127.0.0.1 () {44 vars in 832 bytes} [Sun Mar  9 23:56:46 2025] GET /_dash-component-suites/dash/html/dash_html_components.min.js.map => generated 0 bytes in 4 msecs (HTTP/1.1 304) 0 headers in 29 bytes (0 switches on core 0)
[pid: 168168|app: 0|req: 5/5] 127.0.0.1 () {44 vars in 808 bytes} [Sun Mar  9 23:56:46 2025] GET /_dash-component-suites/dash/dash_table/bundle.js.map => generated 0 bytes in 1 msecs (HTTP/1.1 304) 0 headers in 29 bytes (0 switches on core 0)
[pid: 168168|app: 0|req: 6/6] 127.0.0.1 () {58 vars in 962 bytes} [Sun Mar  9 23:56:46 2025] GET /_dash-layout => generated 2174 bytes in 1 msecs (HTTP/1.1 200) 2 headers in 73 bytes (1 switches on core 0)
[pid: 168168|app: 0|req: 7/7] 127.0.0.1 () {58 vars in 974 bytes} [Sun Mar  9 23:56:46 2025] GET /_dash-dependencies => generated 2113 bytes in 0 msecs (HTTP/1.1 200) 2 headers in 73 bytes (1 switches on core 0)
[pid: 168168|app: 0|req: 8/8] 127.0.0.1 () {54 vars in 948 bytes} [Sun Mar  9 23:56:46 2025] GET /_favicon.ico?v=2.18.2 => generated 15086 bytes in 1 msecs (HTTP/1.1 200) 2 headers in 70 bytes (1 switches on core 0)
[pid: 168168|app: 0|req: 9/9] 127.0.0.1 () {62 vars in 1043 bytes} [Sun Mar  9 23:56:46 2025] POST /_dash-update-component => generated 16559 bytes in 3 msecs (HTTP/1.1 200) 2 headers in 74 bytes (1 switches on core 0)
[pid: 168168|app: 0|req: 10/10] 127.0.0.1 () {56 vars in 1013 bytes} [Sun Mar  9 23:56:46 2025] GET /_dash-component-suites/dash/dcc/async-datepicker.js => generated 0 bytes in 2 msecs (HTTP/1.1 304) 0 headers in 29 bytes (0 switches on core 0)
[pid: 168168|app: 0|req: 11/11] 127.0.0.1 () {56 vars in 1009 bytes} [Sun Mar  9 23:56:46 2025] GET /_dash-component-suites/dash/dcc/async-dropdown.js => generated 0 bytes in 2 msecs (HTTP/1.1 304) 0 headers in 29 bytes (0 switches on core 0)
[pid: 168168|app: 0|req: 12/12] 127.0.0.1 () {56 vars in 1003 bytes} [Sun Mar  9 23:56:46 2025] GET /_dash-component-suites/dash/dcc/async-graph.js => generated 0 bytes in 1 msecs (HTTP/1.1 304) 0 headers in 29 bytes (0 switches on core 0)
[pid: 168168|app: 0|req: 13/13] 127.0.0.1 () {56 vars in 1023 bytes} [Sun Mar  9 23:56:46 2025] GET /_dash-component-suites/plotly/package_data/plotly.min.js => generated 0 bytes in 19 msecs (HTTP/1.1 304) 0 headers in 29 bytes (0 switches on core 0)
2025-03-09
[pid: 168168|app: 0|req: 14/14] 127.0.0.1 () {62 vars in 1043 bytes} [Sun Mar  9 23:56:46 2025] POST /_dash-update-component => generated 7290 bytes in 114 msecs (HTTP/1.1 200) 2 headers in 73 bytes (1 switches on core 0)
2025-03-09
[pid: 168168|app: 0|req: 15/15] 127.0.0.1 () {62 vars in 1043 bytes} [Sun Mar  9 23:56:47 2025] POST /_dash-update-component => generated 7329 bytes in 54 msecs (HTTP/1.1 200) 2 headers in 73 bytes (1 switches on core 0)
[pid: 168168|app: 0|req: 16/16] 127.0.0.1 () {44 vars in 814 bytes} [Sun Mar  9 23:56:47 2025] GET /_dash-component-suites/dash/dcc/async-datepicker.js.map => generated 0 bytes in 6 msecs (HTTP/1.1 304) 0 headers in 29 bytes (0 switches on core 0)
[pid: 168168|app: 0|req: 17/17] 127.0.0.1 () {44 vars in 810 bytes} [Sun Mar  9 23:56:47 2025] GET /_dash-component-suites/dash/dcc/async-dropdown.js.map => generated 0 bytes in 3 msecs (HTTP/1.1 304) 0 headers in 29 bytes (0 switches on core 0)
[pid: 168168|app: 0|req: 18/18] 127.0.0.1 () {44 vars in 804 bytes} [Sun Mar  9 23:56:47 2025] GET /_dash-component-suites/dash/dcc/async-graph.js.map => generated 0 bytes in 1 msecs (HTTP/1.1 304) 0 headers in 29 bytes (0 switches on core 0)
SIGINT/SIGTERM received...killing workers...
worker 1 buried after 1 seconds
goodbye to uWSGI.
VACUUM: unix socket /tmp/uwsgi.sock removed.
*** Starting uWSGI 2.0.28 (64bit) on [Sun Mar  9 23:58:18 2025] ***
compiled with version: 10.2.1 20210130 (Red Hat 10.2.1-11) on 31 October 2024 18:21:24
os: Linux-5.15.167.4-microsoft-standard-WSL2 #1 SMP Tue Nov 5 00:21:55 UTC 2024
nodename: DESKTOP-1SMCING
machine: x86_64
clock source: unix
pcre jit disabled
detected number of CPU cores: 16
current working directory: /home/takato/Git/jpelectricdata/app
detected binary path: /home/takato/.local/share/uv/python/cpython-3.12.8-linux-x86_64-gnu/bin/python3.12
chdir() to /home/takato/Git/jpelectricdata
your processes number limit is 257197
your memory page size is 4096 bytes
detected max file descriptor number: 1048576
lock engine: pthread robust mutexes
thunder lock: disabled (you can enable it with --thunder-lock)
uwsgi socket 0 bound to UNIX address /tmp/uwsgi.sock fd 3
Python version: 3.12.8 (main, Dec  6 2024, 19:59:28) [Clang 18.1.8 ]
--- Python VM already initialized ---
Python main interpreter initialized at 0x7fb0b8c630b0
python threads support enabled
your server socket listen backlog is limited to 100 connections
your mercy for graceful operations on workers is 60 seconds
mapped 145808 bytes (142 KB) for 1 cores
*** Operational MODE: single process ***
unable to load app 0 (mountpoint='') (callable not found or import error)
Traceback (most recent call last):
  File "/home/takato/Git/jpelectricdata/app/app.py", line 6, in <module>
    from datareader import DataReader
ModuleNotFoundError: No module named 'datareader'
unable to load app 0 (mountpoint='') (callable not found or import error)
*** no app loaded. going in full dynamic mode ***
*** uWSGI is running in multiple interpreter mode ***
spawned uWSGI master process (pid: 168641)
spawned uWSGI worker 1 (pid: 168669, cores: 1)
--- no python application found, check your startup logs for errors ---
[pid: 168669|app: -1|req: -1/1] 127.0.0.1 () {58 vars in 994 bytes} [Sun Mar  9 23:58:21 2025] GET / => generated 21 bytes in 0 msecs (HTTP/1.1 500) 2 headers in 83 bytes (0 switches on core 0)
--- no python application found, check your startup logs for errors ---
[pid: 168669|app: -1|req: -1/2] 127.0.0.1 () {54 vars in 929 bytes} [Sun Mar  9 23:58:21 2025] GET /favicon.ico => generated 21 bytes in 0 msecs (HTTP/1.1 500) 2 headers in 83 bytes (0 switches on core 0)
SIGINT/SIGTERM received...killing workers...
worker 1 buried after 1 seconds
goodbye to uWSGI.
VACUUM: unix socket /tmp/uwsgi.sock removed.
*** Starting uWSGI 2.0.28 (64bit) on [Sun Mar  9 23:58:35 2025] ***
compiled with version: 10.2.1 20210130 (Red Hat 10.2.1-11) on 31 October 2024 18:21:24
os: Linux-5.15.167.4-microsoft-standard-WSL2 #1 SMP Tue Nov 5 00:21:55 UTC 2024
nodename: DESKTOP-1SMCING
machine: x86_64
clock source: unix
pcre jit disabled
detected number of CPU cores: 16
current working directory: /home/takato/Git/jpelectricdata/app
detected binary path: /home/takato/.local/share/uv/python/cpython-3.12.8-linux-x86_64-gnu/bin/python3.12
chdir() to /home/takato/Git/jpelectricdata
your processes number limit is 257197
your memory page size is 4096 bytes
detected max file descriptor number: 1048576
lock engine: pthread robust mutexes
thunder lock: disabled (you can enable it with --thunder-lock)
uwsgi socket 0 bound to UNIX address /tmp/uwsgi.sock fd 3
Python version: 3.12.8 (main, Dec  6 2024, 19:59:28) [Clang 18.1.8 ]
--- Python VM already initialized ---
Python main interpreter initialized at 0x7fbaa89ff0b0
python threads support enabled
your server socket listen backlog is limited to 100 connections
your mercy for graceful operations on workers is 60 seconds
mapped 145808 bytes (142 KB) for 1 cores
*** Operational MODE: single process ***
unable to load app 0 (mountpoint='') (callable not found or import error)
Traceback (most recent call last):
  File "/home/takato/Git/jpelectricdata/app/app.py", line 6, in <module>
    from datareader import DataReader
ModuleNotFoundError: No module named 'datareader'
unable to load app 0 (mountpoint='') (callable not found or import error)
*** no app loaded. going in full dynamic mode ***
*** uWSGI is running in multiple interpreter mode ***
spawned uWSGI master process (pid: 168753)
spawned uWSGI worker 1 (pid: 168778, cores: 1)
--- no python application found, check your startup logs for errors ---
[pid: 168778|app: -1|req: -1/1] 127.0.0.1 () {58 vars in 994 bytes} [Sun Mar  9 23:58:37 2025] GET / => generated 21 bytes in 0 msecs (HTTP/1.1 500) 2 headers in 83 bytes (0 switches on core 0)
--- no python application found, check your startup logs for errors ---
[pid: 168778|app: -1|req: -1/2] 127.0.0.1 () {54 vars in 929 bytes} [Sun Mar  9 23:58:37 2025] GET /favicon.ico => generated 21 bytes in 0 msecs (HTTP/1.1 500) 2 headers in 83 bytes (0 switches on core 0)
SIGINT/SIGTERM received...killing workers...
worker 1 buried after 1 seconds
goodbye to uWSGI.
VACUUM: unix socket /tmp/uwsgi.sock removed.
*** Starting uWSGI 2.0.28 (64bit) on [Sun Mar  9 23:58:46 2025] ***
compiled with version: 10.2.1 20210130 (Red Hat 10.2.1-11) on 31 October 2024 18:21:24
os: Linux-5.15.167.4-microsoft-standard-WSL2 #1 SMP Tue Nov 5 00:21:55 UTC 2024
nodename: DESKTOP-1SMCING
machine: x86_64
clock source: unix
pcre jit disabled
detected number of CPU cores: 16
current working directory: /home/takato/Git/jpelectricdata/app
detected binary path: /home/takato/.local/share/uv/python/cpython-3.12.8-linux-x86_64-gnu/bin/python3.12
chdir() to /home/takato/Git/jpelectricdata
your processes number limit is 257197
your memory page size is 4096 bytes
detected max file descriptor number: 1048576
lock engine: pthread robust mutexes
thunder lock: disabled (you can enable it with --thunder-lock)
uwsgi socket 0 bound to UNIX address /tmp/uwsgi.sock fd 3
Python version: 3.12.8 (main, Dec  6 2024, 19:59:28) [Clang 18.1.8 ]
--- Python VM already initialized ---
Python main interpreter initialized at 0x7f690a57e0b0
python threads support enabled
your server socket listen backlog is limited to 100 connections
your mercy for graceful operations on workers is 60 seconds
mapped 145808 bytes (142 KB) for 1 cores
*** Operational MODE: single process ***
unable to load app 0 (mountpoint='') (callable not found or import error)
Traceback (most recent call last):
  File "/home/takato/Git/jpelectricdata/app/app.py", line 6, in <module>
    from datareader import DataReader
ModuleNotFoundError: No module named 'datareader'
unable to load app 0 (mountpoint='') (callable not found or import error)
*** no app loaded. going in full dynamic mode ***
*** uWSGI is running in multiple interpreter mode ***
spawned uWSGI master process (pid: 168873)
spawned uWSGI worker 1 (pid: 168893, cores: 1)
--- no python application found, check your startup logs for errors ---
[pid: 168893|app: -1|req: -1/1] 127.0.0.1 () {58 vars in 994 bytes} [Sun Mar  9 23:58:48 2025] GET / => generated 21 bytes in 0 msecs (HTTP/1.1 500) 2 headers in 83 bytes (0 switches on core 0)
--- no python application found, check your startup logs for errors ---
[pid: 168893|app: -1|req: -1/2] 127.0.0.1 () {54 vars in 929 bytes} [Sun Mar  9 23:58:48 2025] GET /favicon.ico => generated 21 bytes in 0 msecs (HTTP/1.1 500) 2 headers in 83 bytes (0 switches on core 0)
--- no python application found, check your startup logs for errors ---
[pid: 168893|app: -1|req: -1/3] 127.0.0.1 () {58 vars in 994 bytes} [Sun Mar  9 23:58:48 2025] GET / => generated 21 bytes in 0 msecs (HTTP/1.1 500) 2 headers in 83 bytes (0 switches on core 0)
--- no python application found, check your startup logs for errors ---
[pid: 168893|app: -1|req: -1/4] 127.0.0.1 () {54 vars in 929 bytes} [Sun Mar  9 23:58:48 2025] GET /favicon.ico => generated 21 bytes in 0 msecs (HTTP/1.1 500) 2 headers in 83 bytes (0 switches on core 0)
--- no python application found, check your startup logs for errors ---
[pid: 168893|app: -1|req: -1/5] 127.0.0.1 () {58 vars in 994 bytes} [Sun Mar  9 23:58:49 2025] GET / => generated 21 bytes in 0 msecs (HTTP/1.1 500) 2 headers in 83 bytes (0 switches on core 0)
--- no python application found, check your startup logs for errors ---
[pid: 168893|app: -1|req: -1/6] 127.0.0.1 () {54 vars in 929 bytes} [Sun Mar  9 23:58:49 2025] GET /favicon.ico => generated 21 bytes in 0 msecs (HTTP/1.1 500) 2 headers in 83 bytes (0 switches on core 0)
--- no python application found, check your startup logs for errors ---
[pid: 168893|app: -1|req: -1/7] 127.0.0.1 () {58 vars in 994 bytes} [Sun Mar  9 23:58:49 2025] GET / => generated 21 bytes in 0 msecs (HTTP/1.1 500) 2 headers in 83 bytes (0 switches on core 0)
--- no python application found, check your startup logs for errors ---
[pid: 168893|app: -1|req: -1/8] 127.0.0.1 () {54 vars in 929 bytes} [Sun Mar  9 23:58:49 2025] GET /favicon.ico => generated 21 bytes in 0 msecs (HTTP/1.1 500) 2 headers in 83 bytes (0 switches on core 0)
--- no python application found, check your startup logs for errors ---
[pid: 168893|app: -1|req: -1/9] 127.0.0.1 () {58 vars in 994 bytes} [Sun Mar  9 23:58:49 2025] GET / => generated 21 bytes in 0 msecs (HTTP/1.1 500) 2 headers in 83 bytes (0 switches on core 0)
--- no python application found, check your startup logs for errors ---
[pid: 168893|app: -1|req: -1/10] 127.0.0.1 () {54 vars in 929 bytes} [Sun Mar  9 23:58:49 2025] GET /favicon.ico => generated 21 bytes in 0 msecs (HTTP/1.1 500) 2 headers in 83 bytes (0 switches on core 0)
--- no python application found, check your startup logs for errors ---
[pid: 168893|app: -1|req: -1/11] 127.0.0.1 () {58 vars in 994 bytes} [Sun Mar  9 23:58:49 2025] GET / => generated 21 bytes in 0 msecs (HTTP/1.1 500) 2 headers in 83 bytes (0 switches on core 0)
--- no python application found, check your startup logs for errors ---
[pid: 168893|app: -1|req: -1/12] 127.0.0.1 () {54 vars in 929 bytes} [Sun Mar  9 23:58:49 2025] GET /favicon.ico => generated 21 bytes in 0 msecs (HTTP/1.1 500) 2 headers in 83 bytes (0 switches on core 0)
--- no python application found, check your startup logs for errors ---
[pid: 168893|app: -1|req: -1/13] 127.0.0.1 () {58 vars in 994 bytes} [Sun Mar  9 23:58:49 2025] GET / => generated 21 bytes in 0 msecs (HTTP/1.1 500) 2 headers in 83 bytes (0 switches on core 0)
--- no python application found, check your startup logs for errors ---
[pid: 168893|app: -1|req: -1/14] 127.0.0.1 () {54 vars in 929 bytes} [Sun Mar  9 23:58:49 2025] GET /favicon.ico => generated 21 bytes in 0 msecs (HTTP/1.1 500) 2 headers in 83 bytes (0 switches on core 0)
--- no python application found, check your startup logs for errors ---
[pid: 168893|app: -1|req: -1/15] 127.0.0.1 () {58 vars in 994 bytes} [Sun Mar  9 23:58:49 2025] GET / => generated 21 bytes in 0 msecs (HTTP/1.1 500) 2 headers in 83 bytes (0 switches on core 0)
--- no python application found, check your startup logs for errors ---
[pid: 168893|app: -1|req: -1/16] 127.0.0.1 () {54 vars in 929 bytes} [Sun Mar  9 23:58:49 2025] GET /favicon.ico => generated 21 bytes in 0 msecs (HTTP/1.1 500) 2 headers in 83 bytes (0 switches on core 0)
--- no python application found, check your startup logs for errors ---
[pid: 168893|app: -1|req: -1/17] 127.0.0.1 () {58 vars in 994 bytes} [Sun Mar  9 23:58:50 2025] GET / => generated 21 bytes in 0 msecs (HTTP/1.1 500) 2 headers in 83 bytes (0 switches on core 0)
--- no python application found, check your startup logs for errors ---
[pid: 168893|app: -1|req: -1/18] 127.0.0.1 () {54 vars in 929 bytes} [Sun Mar  9 23:58:50 2025] GET /favicon.ico => generated 21 bytes in 0 msecs (HTTP/1.1 500) 2 headers in 83 bytes (0 switches on core 0)
--- no python application found, check your startup logs for errors ---
[pid: 168893|app: -1|req: -1/19] 127.0.0.1 () {58 vars in 994 bytes} [Sun Mar  9 23:58:50 2025] GET / => generated 21 bytes in 0 msecs (HTTP/1.1 500) 2 headers in 83 bytes (0 switches on core 0)
--- no python application found, check your startup logs for errors ---
[pid: 168893|app: -1|req: -1/20] 127.0.0.1 () {54 vars in 929 bytes} [Sun Mar  9 23:58:50 2025] GET /favicon.ico => generated 21 bytes in 0 msecs (HTTP/1.1 500) 2 headers in 83 bytes (0 switches on core 0)
SIGINT/SIGTERM received...killing workers...
worker 1 buried after 1 seconds
goodbye to uWSGI.
VACUUM: unix socket /tmp/uwsgi.sock removed.
*** Starting uWSGI 2.0.28 (64bit) on [Sun Mar  9 23:59:10 2025] ***
compiled with version: 9.4.0 on 08 March 2025 16:15:46
os: Linux-5.15.167.4-microsoft-standard-WSL2 #1 SMP Tue Nov 5 00:21:55 UTC 2024
nodename: DESKTOP-1SMCING
machine: x86_64
clock source: unix
pcre jit disabled
detected number of CPU cores: 16
current working directory: /home/takato/Git/jpelectricdata/app
detected binary path: /home/takato/miniforge3/envs/py312pip/bin/uwsgi
chdir() to /home/takato/Git/jpelectricdata
your processes number limit is 257197
your memory page size is 4096 bytes
detected max file descriptor number: 1048576
lock engine: pthread robust mutexes
thunder lock: disabled (you can enable it with --thunder-lock)
uwsgi socket 0 bound to UNIX address /tmp/uwsgi.sock fd 3
Python version: 3.12.8 | packaged by conda-forge | (main, Dec  5 2024, 14:50:27) [GCC 13.3.0]
Python main interpreter initialized at 0x7f64d17dddf0
python threads support enabled
your server socket listen backlog is limited to 100 connections
your mercy for graceful operations on workers is 60 seconds
mapped 145808 bytes (142 KB) for 1 cores
*** Operational MODE: single process ***
unable to load app 0 (mountpoint='') (callable not found or import error)
Traceback (most recent call last):
  File "/home/takato/Git/jpelectricdata/app/app.py", line 6, in <module>
    from datareader import DataReader
ModuleNotFoundError: No module named 'datareader'
unable to load app 0 (mountpoint='') (callable not found or import error)
*** no app loaded. going in full dynamic mode ***
*** uWSGI is running in multiple interpreter mode ***
spawned uWSGI master process (pid: 169128)
spawned uWSGI worker 1 (pid: 169162, cores: 1)
--- no python application found, check your startup logs for errors ---
[pid: 169162|app: -1|req: -1/1] 127.0.0.1 () {58 vars in 994 bytes} [Sun Mar  9 23:59:11 2025] GET / => generated 21 bytes in 0 msecs (HTTP/1.1 500) 2 headers in 83 bytes (0 switches on core 0)
--- no python application found, check your startup logs for errors ---
[pid: 169162|app: -1|req: -1/2] 127.0.0.1 () {54 vars in 929 bytes} [Sun Mar  9 23:59:11 2025] GET /favicon.ico => generated 21 bytes in 0 msecs (HTTP/1.1 500) 2 headers in 83 bytes (0 switches on core 0)
--- no python application found, check your startup logs for errors ---
[pid: 169162|app: -1|req: -1/3] 127.0.0.1 () {58 vars in 994 bytes} [Sun Mar  9 23:59:12 2025] GET / => generated 21 bytes in 0 msecs (HTTP/1.1 500) 2 headers in 83 bytes (0 switches on core 0)
--- no python application found, check your startup logs for errors ---
[pid: 169162|app: -1|req: -1/4] 127.0.0.1 () {54 vars in 929 bytes} [Sun Mar  9 23:59:12 2025] GET /favicon.ico => generated 21 bytes in 0 msecs (HTTP/1.1 500) 2 headers in 83 bytes (0 switches on core 0)
--- no python application found, check your startup logs for errors ---
[pid: 169162|app: -1|req: -1/5] 127.0.0.1 () {58 vars in 994 bytes} [Sun Mar  9 23:59:12 2025] GET / => generated 21 bytes in 0 msecs (HTTP/1.1 500) 2 headers in 83 bytes (0 switches on core 0)
--- no python application found, check your startup logs for errors ---
[pid: 169162|app: -1|req: -1/6] 127.0.0.1 () {54 vars in 929 bytes} [Sun Mar  9 23:59:12 2025] GET /favicon.ico => generated 21 bytes in 0 msecs (HTTP/1.1 500) 2 headers in 83 bytes (0 switches on core 0)
--- no python application found, check your startup logs for errors ---
[pid: 169162|app: -1|req: -1/7] 127.0.0.1 () {58 vars in 994 bytes} [Sun Mar  9 23:59:12 2025] GET / => generated 21 bytes in 0 msecs (HTTP/1.1 500) 2 headers in 83 bytes (0 switches on core 0)
--- no python application found, check your startup logs for errors ---
[pid: 169162|app: -1|req: -1/8] 127.0.0.1 () {54 vars in 929 bytes} [Sun Mar  9 23:59:12 2025] GET /favicon.ico => generated 21 bytes in 0 msecs (HTTP/1.1 500) 2 headers in 83 bytes (0 switches on core 0)
--- no python application found, check your startup logs for errors ---
[pid: 169162|app: -1|req: -1/9] 127.0.0.1 () {58 vars in 994 bytes} [Sun Mar  9 23:59:12 2025] GET / => generated 21 bytes in 0 msecs (HTTP/1.1 500) 2 headers in 83 bytes (0 switches on core 0)
--- no python application found, check your startup logs for errors ---
[pid: 169162|app: -1|req: -1/10] 127.0.0.1 () {54 vars in 929 bytes} [Sun Mar  9 23:59:12 2025] GET /favicon.ico => generated 21 bytes in 0 msecs (HTTP/1.1 500) 2 headers in 83 bytes (0 switches on core 0)
--- no python application found, check your startup logs for errors ---
[pid: 169162|app: -1|req: -1/11] 127.0.0.1 () {58 vars in 994 bytes} [Sun Mar  9 23:59:13 2025] GET / => generated 21 bytes in 0 msecs (HTTP/1.1 500) 2 headers in 83 bytes (0 switches on core 0)
--- no python application found, check your startup logs for errors ---
[pid: 169162|app: -1|req: -1/12] 127.0.0.1 () {54 vars in 929 bytes} [Sun Mar  9 23:59:13 2025] GET /favicon.ico => generated 21 bytes in 0 msecs (HTTP/1.1 500) 2 headers in 83 bytes (0 switches on core 0)
--- no python application found, check your startup logs for errors ---
[pid: 169162|app: -1|req: -1/13] 127.0.0.1 () {58 vars in 994 bytes} [Sun Mar  9 23:59:13 2025] GET / => generated 21 bytes in 0 msecs (HTTP/1.1 500) 2 headers in 83 bytes (0 switches on core 0)
--- no python application found, check your startup logs for errors ---
[pid: 169162|app: -1|req: -1/14] 127.0.0.1 () {54 vars in 929 bytes} [Sun Mar  9 23:59:13 2025] GET /favicon.ico => generated 21 bytes in 0 msecs (HTTP/1.1 500) 2 headers in 83 bytes (0 switches on core 0)
--- no python application found, check your startup logs for errors ---
[pid: 169162|app: -1|req: -1/15] 127.0.0.1 () {58 vars in 994 bytes} [Sun Mar  9 23:59:13 2025] GET / => generated 21 bytes in 0 msecs (HTTP/1.1 500) 2 headers in 83 bytes (0 switches on core 0)
--- no python application found, check your startup logs for errors ---
[pid: 169162|app: -1|req: -1/16] 127.0.0.1 () {54 vars in 929 bytes} [Sun Mar  9 23:59:13 2025] GET /favicon.ico => generated 21 bytes in 0 msecs (HTTP/1.1 500) 2 headers in 83 bytes (0 switches on core 0)
--- no python application found, check your startup logs for errors ---
[pid: 169162|app: -1|req: -1/17] 127.0.0.1 () {58 vars in 994 bytes} [Sun Mar  9 23:59:13 2025] GET / => generated 21 bytes in 0 msecs (HTTP/1.1 500) 2 headers in 83 bytes (0 switches on core 0)
--- no python application found, check your startup logs for errors ---
[pid: 169162|app: -1|req: -1/18] 127.0.0.1 () {54 vars in 929 bytes} [Sun Mar  9 23:59:13 2025] GET /favicon.ico => generated 21 bytes in 0 msecs (HTTP/1.1 500) 2 headers in 83 bytes (0 switches on core 0)
--- no python application found, check your startup logs for errors ---
[pid: 169162|app: -1|req: -1/19] 127.0.0.1 () {58 vars in 994 bytes} [Sun Mar  9 23:59:13 2025] GET / => generated 21 bytes in 0 msecs (HTTP/1.1 500) 2 headers in 83 bytes (0 switches on core 0)
--- no python application found, check your startup logs for errors ---
[pid: 169162|app: -1|req: -1/20] 127.0.0.1 () {54 vars in 929 bytes} [Sun Mar  9 23:59:13 2025] GET /favicon.ico => generated 21 bytes in 0 msecs (HTTP/1.1 500) 2 headers in 83 bytes (0 switches on core 0)
--- no python application found, check your startup logs for errors ---
[pid: 169162|app: -1|req: -1/21] 127.0.0.1 () {58 vars in 994 bytes} [Sun Mar  9 23:59:14 2025] GET / => generated 21 bytes in 0 msecs (HTTP/1.1 500) 2 headers in 83 bytes (0 switches on core 0)
--- no python application found, check your startup logs for errors ---
[pid: 169162|app: -1|req: -1/22] 127.0.0.1 () {54 vars in 929 bytes} [Sun Mar  9 23:59:14 2025] GET /favicon.ico => generated 21 bytes in 0 msecs (HTTP/1.1 500) 2 headers in 83 bytes (1 switches on core 0)
--- no python application found, check your startup logs for errors ---
[pid: 169162|app: -1|req: -1/23] 127.0.0.1 () {58 vars in 994 bytes} [Sun Mar  9 23:59:14 2025] GET / => generated 21 bytes in 0 msecs (HTTP/1.1 500) 2 headers in 83 bytes (0 switches on core 0)
--- no python application found, check your startup logs for errors ---
[pid: 169162|app: -1|req: -1/24] 127.0.0.1 () {54 vars in 929 bytes} [Sun Mar  9 23:59:14 2025] GET /favicon.ico => generated 21 bytes in 0 msecs (HTTP/1.1 500) 2 headers in 83 bytes (0 switches on core 0)
--- no python application found, check your startup logs for errors ---
[pid: 169162|app: -1|req: -1/25] 127.0.0.1 () {58 vars in 994 bytes} [Sun Mar  9 23:59:14 2025] GET / => generated 21 bytes in 0 msecs (HTTP/1.1 500) 2 headers in 83 bytes (0 switches on core 0)
--- no python application found, check your startup logs for errors ---
[pid: 169162|app: -1|req: -1/26] 127.0.0.1 () {54 vars in 929 bytes} [Sun Mar  9 23:59:14 2025] GET /favicon.ico => generated 21 bytes in 0 msecs (HTTP/1.1 500) 2 headers in 83 bytes (0 switches on core 0)
--- no python application found, check your startup logs for errors ---
[pid: 169162|app: -1|req: -1/27] 127.0.0.1 () {58 vars in 994 bytes} [Sun Mar  9 23:59:14 2025] GET / => generated 21 bytes in 0 msecs (HTTP/1.1 500) 2 headers in 83 bytes (0 switches on core 0)
--- no python application found, check your startup logs for errors ---
[pid: 169162|app: -1|req: -1/28] 127.0.0.1 () {54 vars in 929 bytes} [Sun Mar  9 23:59:14 2025] GET /favicon.ico => generated 21 bytes in 0 msecs (HTTP/1.1 500) 2 headers in 83 bytes (0 switches on core 0)
--- no python application found, check your startup logs for errors ---
[pid: 169162|app: -1|req: -1/29] 127.0.0.1 () {58 vars in 994 bytes} [Sun Mar  9 23:59:14 2025] GET / => generated 21 bytes in 0 msecs (HTTP/1.1 500) 2 headers in 83 bytes (0 switches on core 0)
--- no python application found, check your startup logs for errors ---
[pid: 169162|app: -1|req: -1/30] 127.0.0.1 () {54 vars in 929 bytes} [Sun Mar  9 23:59:14 2025] GET /favicon.ico => generated 21 bytes in 0 msecs (HTTP/1.1 500) 2 headers in 83 bytes (0 switches on core 0)
--- no python application found, check your startup logs for errors ---
[pid: 169162|app: -1|req: -1/31] 127.0.0.1 () {58 vars in 994 bytes} [Sun Mar  9 23:59:14 2025] GET / => generated 21 bytes in 0 msecs (HTTP/1.1 500) 2 headers in 83 bytes (0 switches on core 0)
--- no python application found, check your startup logs for errors ---
[pid: 169162|app: -1|req: -1/32] 127.0.0.1 () {54 vars in 929 bytes} [Sun Mar  9 23:59:14 2025] GET /favicon.ico => generated 21 bytes in 0 msecs (HTTP/1.1 500) 2 headers in 83 bytes (0 switches on core 0)
--- no python application found, check your startup logs for errors ---
[pid: 169162|app: -1|req: -1/33] 127.0.0.1 () {58 vars in 994 bytes} [Sun Mar  9 23:59:15 2025] GET / => generated 21 bytes in 0 msecs (HTTP/1.1 500) 2 headers in 83 bytes (0 switches on core 0)
--- no python application found, check your startup logs for errors ---
[pid: 169162|app: -1|req: -1/34] 127.0.0.1 () {54 vars in 929 bytes} [Sun Mar  9 23:59:15 2025] GET /favicon.ico => generated 21 bytes in 0 msecs (HTTP/1.1 500) 2 headers in 83 bytes (0 switches on core 0)
--- no python application found, check your startup logs for errors ---
[pid: 169162|app: -1|req: -1/35] 127.0.0.1 () {58 vars in 994 bytes} [Sun Mar  9 23:59:15 2025] GET / => generated 21 bytes in 0 msecs (HTTP/1.1 500) 2 headers in 83 bytes (0 switches on core 0)
--- no python application found, check your startup logs for errors ---
[pid: 169162|app: -1|req: -1/36] 127.0.0.1 () {54 vars in 929 bytes} [Sun Mar  9 23:59:15 2025] GET /favicon.ico => generated 21 bytes in 0 msecs (HTTP/1.1 500) 2 headers in 83 bytes (0 switches on core 0)
--- no python application found, check your startup logs for errors ---
[pid: 169162|app: -1|req: -1/37] 127.0.0.1 () {58 vars in 994 bytes} [Sun Mar  9 23:59:15 2025] GET / => generated 21 bytes in 0 msecs (HTTP/1.1 500) 2 headers in 83 bytes (0 switches on core 0)
--- no python application found, check your startup logs for errors ---
[pid: 169162|app: -1|req: -1/38] 127.0.0.1 () {54 vars in 929 bytes} [Sun Mar  9 23:59:15 2025] GET /favicon.ico => generated 21 bytes in 0 msecs (HTTP/1.1 500) 2 headers in 83 bytes (0 switches on core 0)
--- no python application found, check your startup logs for errors ---
[pid: 169162|app: -1|req: -1/39] 127.0.0.1 () {58 vars in 994 bytes} [Sun Mar  9 23:59:15 2025] GET / => generated 21 bytes in 0 msecs (HTTP/1.1 500) 2 headers in 83 bytes (0 switches on core 0)
--- no python application found, check your startup logs for errors ---
[pid: 169162|app: -1|req: -1/40] 127.0.0.1 () {54 vars in 929 bytes} [Sun Mar  9 23:59:15 2025] GET /favicon.ico => generated 21 bytes in 0 msecs (HTTP/1.1 500) 2 headers in 83 bytes (0 switches on core 0)
SIGINT/SIGTERM received...killing workers...
worker 1 buried after 1 seconds
goodbye to uWSGI.
VACUUM: unix socket /tmp/uwsgi.sock removed.
*** Starting uWSGI 2.0.28 (64bit) on [Mon Mar 10 00:00:04 2025] ***
compiled with version: 9.4.0 on 08 March 2025 16:15:46
os: Linux-5.15.167.4-microsoft-standard-WSL2 #1 SMP Tue Nov 5 00:21:55 UTC 2024
nodename: DESKTOP-1SMCING
machine: x86_64
clock source: unix
pcre jit disabled
detected number of CPU cores: 16
current working directory: /home/takato/Git/jpelectricdata/app
detected binary path: /home/takato/miniforge3/envs/py312pip/bin/uwsgi
chdir() to /home/takato/Git/jpelectricdata/app
your processes number limit is 257197
your memory page size is 4096 bytes
detected max file descriptor number: 1048576
lock engine: pthread robust mutexes
thunder lock: disabled (you can enable it with --thunder-lock)
uwsgi socket 0 bound to UNIX address /tmp/uwsgi.sock fd 3
Python version: 3.12.8 | packaged by conda-forge | (main, Dec  5 2024, 14:50:27) [GCC 13.3.0]
Python main interpreter initialized at 0x7fa7445cedf0
python threads support enabled
your server socket listen backlog is limited to 100 connections
your mercy for graceful operations on workers is 60 seconds
mapped 145808 bytes (142 KB) for 1 cores
*** Operational MODE: single process ***
WSGI app 0 (mountpoint='') ready in 3 seconds on interpreter 0x7fa7445cedf0 pid: 169426 (default app)
mountpoint  already configured. skip.
*** uWSGI is running in multiple interpreter mode ***
spawned uWSGI master process (pid: 169426)
spawned uWSGI worker 1 (pid: 169470, cores: 1)
[pid: 169470|app: 0|req: 1/1] 127.0.0.1 () {58 vars in 994 bytes} [Mon Mar 10 00:00:08 2025] GET / => generated 42976 bytes in 22 msecs (HTTP/1.1 200) 2 headers in 82 bytes (1 switches on core 0)
[pid: 169470|app: 0|req: 2/2] 127.0.0.1 () {44 vars in 822 bytes} [Mon Mar 10 00:00:08 2025] GET /_dash-component-suites/dash/dcc/dash_core_components.js.map => generated 0 bytes in 12 msecs (HTTP/1.1 304) 0 headers in 29 bytes (0 switches on core 0)
[pid: 169470|app: 0|req: 3/3] 127.0.0.1 () {44 vars in 836 bytes} [Mon Mar 10 00:00:08 2025] GET /_dash-component-suites/dash/dcc/dash_core_components-shared.js.map => generated 0 bytes in 2 msecs (HTTP/1.1 304) 0 headers in 29 bytes (0 switches on core 0)
[pid: 169470|app: 0|req: 4/4] 127.0.0.1 () {58 vars in 962 bytes} [Mon Mar 10 00:00:08 2025] GET /_dash-layout => generated 2174 bytes in 1 msecs (HTTP/1.1 200) 2 headers in 73 bytes (1 switches on core 0)
[pid: 169470|app: 0|req: 5/5] 127.0.0.1 () {58 vars in 974 bytes} [Mon Mar 10 00:00:08 2025] GET /_dash-dependencies => generated 2113 bytes in 0 msecs (HTTP/1.1 200) 2 headers in 73 bytes (1 switches on core 0)
[pid: 169470|app: 0|req: 6/6] 127.0.0.1 () {54 vars in 948 bytes} [Mon Mar 10 00:00:08 2025] GET /_favicon.ico?v=2.18.2 => generated 15086 bytes in 1 msecs (HTTP/1.1 200) 2 headers in 70 bytes (1 switches on core 0)
[pid: 169470|app: 0|req: 7/7] 127.0.0.1 () {44 vars in 832 bytes} [Mon Mar 10 00:00:08 2025] GET /_dash-component-suites/dash/html/dash_html_components.min.js.map => generated 0 bytes in 4 msecs (HTTP/1.1 304) 0 headers in 29 bytes (0 switches on core 0)
[pid: 169470|app: 0|req: 8/8] 127.0.0.1 () {44 vars in 808 bytes} [Mon Mar 10 00:00:08 2025] GET /_dash-component-suites/dash/dash_table/bundle.js.map => generated 0 bytes in 2 msecs (HTTP/1.1 304) 0 headers in 29 bytes (0 switches on core 0)
[pid: 169470|app: 0|req: 9/9] 127.0.0.1 () {62 vars in 1043 bytes} [Mon Mar 10 00:00:08 2025] POST /_dash-update-component => generated 16559 bytes in 3 msecs (HTTP/1.1 200) 2 headers in 74 bytes (1 switches on core 0)
[pid: 169470|app: 0|req: 10/10] 127.0.0.1 () {56 vars in 1013 bytes} [Mon Mar 10 00:00:08 2025] GET /_dash-component-suites/dash/dcc/async-datepicker.js => generated 0 bytes in 3 msecs (HTTP/1.1 304) 0 headers in 29 bytes (0 switches on core 0)
[pid: 169470|app: 0|req: 11/11] 127.0.0.1 () {56 vars in 1009 bytes} [Mon Mar 10 00:00:08 2025] GET /_dash-component-suites/dash/dcc/async-dropdown.js => generated 0 bytes in 2 msecs (HTTP/1.1 304) 0 headers in 29 bytes (0 switches on core 0)
[pid: 169470|app: 0|req: 12/12] 127.0.0.1 () {56 vars in 1003 bytes} [Mon Mar 10 00:00:08 2025] GET /_dash-component-suites/dash/dcc/async-graph.js => generated 0 bytes in 1 msecs (HTTP/1.1 304) 0 headers in 29 bytes (0 switches on core 0)
[pid: 169470|app: 0|req: 13/13] 127.0.0.1 () {56 vars in 1023 bytes} [Mon Mar 10 00:00:08 2025] GET /_dash-component-suites/plotly/package_data/plotly.min.js => generated 0 bytes in 21 msecs (HTTP/1.1 304) 0 headers in 29 bytes (0 switches on core 0)
2025-03-10
[pid: 169470|app: 0|req: 14/14] 127.0.0.1 () {62 vars in 1043 bytes} [Mon Mar 10 00:00:08 2025] POST /_dash-update-component => generated 7290 bytes in 108 msecs (HTTP/1.1 200) 2 headers in 73 bytes (1 switches on core 0)
2025-03-10
[pid: 169470|app: 0|req: 15/15] 127.0.0.1 () {62 vars in 1043 bytes} [Mon Mar 10 00:00:08 2025] POST /_dash-update-component => generated 7329 bytes in 56 msecs (HTTP/1.1 200) 2 headers in 73 bytes (1 switches on core 0)
[pid: 169470|app: 0|req: 16/16] 127.0.0.1 () {44 vars in 814 bytes} [Mon Mar 10 00:00:08 2025] GET /_dash-component-suites/dash/dcc/async-datepicker.js.map => generated 0 bytes in 6 msecs (HTTP/1.1 304) 0 headers in 29 bytes (0 switches on core 0)
[pid: 169470|app: 0|req: 17/17] 127.0.0.1 () {44 vars in 810 bytes} [Mon Mar 10 00:00:08 2025] GET /_dash-component-suites/dash/dcc/async-dropdown.js.map => generated 0 bytes in 3 msecs (HTTP/1.1 304) 0 headers in 29 bytes (0 switches on core 0)
[pid: 169470|app: 0|req: 18/18] 127.0.0.1 () {44 vars in 804 bytes} [Mon Mar 10 00:00:08 2025] GET /_dash-component-suites/dash/dcc/async-graph.js.map => generated 0 bytes in 2 msecs (HTTP/1.1 304) 0 headers in 29 bytes (0 switches on core 0)
SIGINT/SIGTERM received...killing workers...
worker 1 buried after 1 seconds
goodbye to uWSGI.
VACUUM: unix socket /tmp/uwsgi.sock removed.
*** Starting uWSGI 2.0.28 (64bit) on [Mon Mar 10 00:01:08 2025] ***
compiled with version: 9.4.0 on 08 March 2025 16:15:46
os: Linux-5.15.167.4-microsoft-standard-WSL2 #1 SMP Tue Nov 5 00:21:55 UTC 2024
nodename: DESKTOP-1SMCING
machine: x86_64
clock source: unix
pcre jit disabled
detected number of CPU cores: 16
current working directory: /home/takato/Git/jpelectricdata/app
detected binary path: /home/takato/miniforge3/envs/py312pip/bin/uwsgi
chdir() to /home/takato/Git/jpelectricdata/app
your processes number limit is 257197
your memory page size is 4096 bytes
detected max file descriptor number: 1048576
lock engine: pthread robust mutexes
thunder lock: disabled (you can enable it with --thunder-lock)
uwsgi socket 0 bound to UNIX address /tmp/uwsgi.sock fd 3
Python version: 3.12.8 | packaged by conda-forge | (main, Dec  5 2024, 14:50:27) [GCC 13.3.0]
PEP 405 virtualenv detected: /home/takato/Git/jpelectricdata/.venv
Set PythonHome to /home/takato/Git/jpelectricdata/.venv
Python main interpreter initialized at 0x7fdc264e7df0
python threads support enabled
your server socket listen backlog is limited to 100 connections
your mercy for graceful operations on workers is 60 seconds
mapped 145808 bytes (142 KB) for 1 cores
*** Operational MODE: single process ***
Traceback (most recent call last):
  File "/home/takato/Git/jpelectricdata/app/app.py", line 2, in <module>
    import pandas as pd
  File "/home/takato/Git/jpelectricdata/.venv/lib/python3.12/site-packages/pandas/__init__.py", line 19, in <module>
    raise ImportError(
ImportError: Unable to import required dependencies:
numpy: Error importing numpy: you should not try to import numpy from
        its source directory; please exit the numpy source tree, and relaunch
        your python interpreter from there.
pytz: No module named 'math'
unable to load app 0 (mountpoint='') (callable not found or import error)
Traceback (most recent call last):
  File "/home/takato/Git/jpelectricdata/app/app.py", line 2, in <module>
    import pandas as pd
  File "/home/takato/Git/jpelectricdata/.venv/lib/python3.12/site-packages/pandas/__init__.py", line 14, in <module>
    __import__(_dependency)
  File "/home/takato/Git/jpelectricdata/.venv/lib/python3.12/site-packages/numpy/__init__.py", line 114, in <module>
    from numpy.__config__ import show_config
  File "/home/takato/Git/jpelectricdata/.venv/lib/python3.12/site-packages/numpy/__config__.py", line 4, in <module>
    from numpy._core._multiarray_umath import (
  File "/home/takato/Git/jpelectricdata/.venv/lib/python3.12/site-packages/numpy/_core/__init__.py", line 23, in <module>
    from . import multiarray
  File "/home/takato/Git/jpelectricdata/.venv/lib/python3.12/site-packages/numpy/_core/multiarray.py", line 10, in <module>
    from . import overrides
  File "/home/takato/Git/jpelectricdata/.venv/lib/python3.12/site-packages/numpy/_core/overrides.py", line 7, in <module>
    from numpy._core._multiarray_umath import (
RuntimeError: CPU dispatcher tracer already initlized
unable to load app 0 (mountpoint='') (callable not found or import error)
*** no app loaded. going in full dynamic mode ***
*** uWSGI is running in multiple interpreter mode ***
spawned uWSGI master process (pid: 169716)
spawned uWSGI worker 1 (pid: 169738, cores: 1)
--- no python application found, check your startup logs for errors ---
[pid: 169738|app: -1|req: -1/1] 127.0.0.1 () {58 vars in 994 bytes} [Mon Mar 10 00:01:11 2025] GET / => generated 21 bytes in 0 msecs (HTTP/1.1 500) 2 headers in 83 bytes (0 switches on core 0)
--- no python application found, check your startup logs for errors ---
[pid: 169738|app: -1|req: -1/2] 127.0.0.1 () {54 vars in 929 bytes} [Mon Mar 10 00:01:11 2025] GET /favicon.ico => generated 21 bytes in 0 msecs (HTTP/1.1 500) 2 headers in 83 bytes (0 switches on core 0)
--- no python application found, check your startup logs for errors ---
[pid: 169738|app: -1|req: -1/3] 127.0.0.1 () {58 vars in 994 bytes} [Mon Mar 10 00:01:12 2025] GET / => generated 21 bytes in 0 msecs (HTTP/1.1 500) 2 headers in 83 bytes (0 switches on core 0)
--- no python application found, check your startup logs for errors ---
[pid: 169738|app: -1|req: -1/4] 127.0.0.1 () {54 vars in 929 bytes} [Mon Mar 10 00:01:12 2025] GET /favicon.ico => generated 21 bytes in 0 msecs (HTTP/1.1 500) 2 headers in 83 bytes (0 switches on core 0)
SIGINT/SIGTERM received...killing workers...
worker 1 buried after 1 seconds
goodbye to uWSGI.
VACUUM: unix socket /tmp/uwsgi.sock removed.
*** Starting uWSGI 2.0.28 (64bit) on [Mon Mar 10 00:01:21 2025] ***
compiled with version: 9.4.0 on 08 March 2025 16:15:46
os: Linux-5.15.167.4-microsoft-standard-WSL2 #1 SMP Tue Nov 5 00:21:55 UTC 2024
nodename: DESKTOP-1SMCING
machine: x86_64
clock source: unix
pcre jit disabled
detected number of CPU cores: 16
current working directory: /home/takato/Git/jpelectricdata/app
detected binary path: /home/takato/miniforge3/envs/py312pip/bin/uwsgi
chdir() to /home/takato/Git/jpelectricdata/app
your processes number limit is 257197
your memory page size is 4096 bytes
detected max file descriptor number: 1048576
lock engine: pthread robust mutexes
thunder lock: disabled (you can enable it with --thunder-lock)
uwsgi socket 0 bound to UNIX address /tmp/uwsgi.sock fd 3
Python version: 3.12.8 | packaged by conda-forge | (main, Dec  5 2024, 14:50:27) [GCC 13.3.0]
Python main interpreter initialized at 0x7f374f13bdf0
python threads support enabled
your server socket listen backlog is limited to 100 connections
your mercy for graceful operations on workers is 60 seconds
mapped 145808 bytes (142 KB) for 1 cores
*** Operational MODE: single process ***
WSGI app 0 (mountpoint='') ready in 3 seconds on interpreter 0x7f374f13bdf0 pid: 169842 (default app)
mountpoint  already configured. skip.
*** uWSGI is running in multiple interpreter mode ***
spawned uWSGI master process (pid: 169842)
spawned uWSGI worker 1 (pid: 169879, cores: 1)
[pid: 169879|app: 0|req: 1/1] 127.0.0.1 () {58 vars in 994 bytes} [Mon Mar 10 00:01:24 2025] GET / => generated 42976 bytes in 18 msecs (HTTP/1.1 200) 2 headers in 82 bytes (1 switches on core 0)
[pid: 169879|app: 0|req: 2/2] 127.0.0.1 () {44 vars in 822 bytes} [Mon Mar 10 00:01:24 2025] GET /_dash-component-suites/dash/dcc/dash_core_components.js.map => generated 0 bytes in 9 msecs (HTTP/1.1 304) 0 headers in 29 bytes (0 switches on core 0)
[pid: 169879|app: 0|req: 3/3] 127.0.0.1 () {44 vars in 836 bytes} [Mon Mar 10 00:01:24 2025] GET /_dash-component-suites/dash/dcc/dash_core_components-shared.js.map => generated 0 bytes in 1 msecs (HTTP/1.1 304) 0 headers in 29 bytes (0 switches on core 0)
[pid: 169879|app: 0|req: 4/4] 127.0.0.1 () {58 vars in 962 bytes} [Mon Mar 10 00:01:24 2025] GET /_dash-layout => generated 2174 bytes in 0 msecs (HTTP/1.1 200) 2 headers in 73 bytes (1 switches on core 0)
[pid: 169879|app: 0|req: 5/5] 127.0.0.1 () {58 vars in 974 bytes} [Mon Mar 10 00:01:24 2025] GET /_dash-dependencies => generated 2113 bytes in 0 msecs (HTTP/1.1 200) 2 headers in 73 bytes (1 switches on core 0)
[pid: 169879|app: 0|req: 6/6] 127.0.0.1 () {44 vars in 832 bytes} [Mon Mar 10 00:01:24 2025] GET /_dash-component-suites/dash/html/dash_html_components.min.js.map => generated 0 bytes in 4 msecs (HTTP/1.1 304) 0 headers in 29 bytes (0 switches on core 0)
[pid: 169879|app: 0|req: 7/7] 127.0.0.1 () {44 vars in 808 bytes} [Mon Mar 10 00:01:24 2025] GET /_dash-component-suites/dash/dash_table/bundle.js.map => generated 0 bytes in 1 msecs (HTTP/1.1 304) 0 headers in 29 bytes (0 switches on core 0)
[pid: 169879|app: 0|req: 8/8] 127.0.0.1 () {54 vars in 948 bytes} [Mon Mar 10 00:01:24 2025] GET /_favicon.ico?v=2.18.2 => generated 15086 bytes in 1 msecs (HTTP/1.1 200) 2 headers in 70 bytes (1 switches on core 0)
[pid: 169879|app: 0|req: 9/9] 127.0.0.1 () {62 vars in 1043 bytes} [Mon Mar 10 00:01:24 2025] POST /_dash-update-component => generated 16559 bytes in 3 msecs (HTTP/1.1 200) 2 headers in 74 bytes (1 switches on core 0)
[pid: 169879|app: 0|req: 10/10] 127.0.0.1 () {56 vars in 1013 bytes} [Mon Mar 10 00:01:24 2025] GET /_dash-component-suites/dash/dcc/async-datepicker.js => generated 0 bytes in 2 msecs (HTTP/1.1 304) 0 headers in 29 bytes (0 switches on core 0)
[pid: 169879|app: 0|req: 11/11] 127.0.0.1 () {56 vars in 1009 bytes} [Mon Mar 10 00:01:24 2025] GET /_dash-component-suites/dash/dcc/async-dropdown.js => generated 0 bytes in 1 msecs (HTTP/1.1 304) 0 headers in 29 bytes (0 switches on core 0)
[pid: 169879|app: 0|req: 12/12] 127.0.0.1 () {56 vars in 1003 bytes} [Mon Mar 10 00:01:24 2025] GET /_dash-component-suites/dash/dcc/async-graph.js => generated 0 bytes in 0 msecs (HTTP/1.1 304) 0 headers in 29 bytes (0 switches on core 0)
[pid: 169879|app: 0|req: 13/13] 127.0.0.1 () {56 vars in 1023 bytes} [Mon Mar 10 00:01:24 2025] GET /_dash-component-suites/plotly/package_data/plotly.min.js => generated 0 bytes in 17 msecs (HTTP/1.1 304) 0 headers in 29 bytes (0 switches on core 0)
2025-03-10
[pid: 169879|app: 0|req: 14/14] 127.0.0.1 () {62 vars in 1043 bytes} [Mon Mar 10 00:01:24 2025] POST /_dash-update-component => generated 7290 bytes in 73 msecs (HTTP/1.1 200) 2 headers in 73 bytes (1 switches on core 0)
2025-03-10
[pid: 169879|app: 0|req: 15/15] 127.0.0.1 () {62 vars in 1043 bytes} [Mon Mar 10 00:01:24 2025] POST /_dash-update-component => generated 7329 bytes in 61 msecs (HTTP/1.1 200) 2 headers in 73 bytes (1 switches on core 0)
[pid: 169879|app: 0|req: 16/16] 127.0.0.1 () {44 vars in 814 bytes} [Mon Mar 10 00:01:24 2025] GET /_dash-component-suites/dash/dcc/async-datepicker.js.map => generated 0 bytes in 6 msecs (HTTP/1.1 304) 0 headers in 29 bytes (0 switches on core 0)
[pid: 169879|app: 0|req: 17/17] 127.0.0.1 () {44 vars in 810 bytes} [Mon Mar 10 00:01:24 2025] GET /_dash-component-suites/dash/dcc/async-dropdown.js.map => generated 0 bytes in 3 msecs (HTTP/1.1 304) 0 headers in 29 bytes (0 switches on core 0)
[pid: 169879|app: 0|req: 18/18] 127.0.0.1 () {44 vars in 804 bytes} [Mon Mar 10 00:01:24 2025] GET /_dash-component-suites/dash/dcc/async-graph.js.map => generated 0 bytes in 1 msecs (HTTP/1.1 304) 0 headers in 29 bytes (0 switches on core 0)
SIGINT/SIGTERM received...killing workers...
worker 1 buried after 1 seconds
goodbye to uWSGI.
VACUUM: unix socket /tmp/uwsgi.sock removed.
*** Starting uWSGI 2.0.28 (64bit) on [Mon Mar 10 00:01:46 2025] ***
compiled with version: 10.2.1 20210130 (Red Hat 10.2.1-11) on 31 October 2024 18:21:24
os: Linux-5.15.167.4-microsoft-standard-WSL2 #1 SMP Tue Nov 5 00:21:55 UTC 2024
nodename: DESKTOP-1SMCING
machine: x86_64
clock source: unix
pcre jit disabled
detected number of CPU cores: 16
current working directory: /home/takato/Git/jpelectricdata/app
detected binary path: /home/takato/.local/share/uv/python/cpython-3.12.8-linux-x86_64-gnu/bin/python3.12
chdir() to /home/takato/Git/jpelectricdata/app
your processes number limit is 257197
your memory page size is 4096 bytes
detected max file descriptor number: 1048576
lock engine: pthread robust mutexes
thunder lock: disabled (you can enable it with --thunder-lock)
uwsgi socket 0 bound to UNIX address /tmp/uwsgi.sock fd 3
Python version: 3.12.8 (main, Dec  6 2024, 19:59:28) [Clang 18.1.8 ]
--- Python VM already initialized ---
Python main interpreter initialized at 0x7fae2b9ae0b0
python threads support enabled
your server socket listen backlog is limited to 100 connections
your mercy for graceful operations on workers is 60 seconds
mapped 145808 bytes (142 KB) for 1 cores
*** Operational MODE: single process ***
WSGI app 0 (mountpoint='') ready in 2 seconds on interpreter 0x7fae2b9ae0b0 pid: 170029 (default app)
mountpoint  already configured. skip.
*** uWSGI is running in multiple interpreter mode ***
spawned uWSGI master process (pid: 170029)
spawned uWSGI worker 1 (pid: 170067, cores: 1)
[pid: 170067|app: 0|req: 1/1] 127.0.0.1 () {58 vars in 994 bytes} [Mon Mar 10 00:01:48 2025] GET / => generated 42976 bytes in 26 msecs (HTTP/1.1 200) 2 headers in 82 bytes (1 switches on core 0)
[pid: 170067|app: 0|req: 2/2] 127.0.0.1 () {54 vars in 995 bytes} [Mon Mar 10 00:01:48 2025] GET /_dash-component-suites/dash/deps/polyfill@7.v2_18_2m1735392550.12.1.min.js => generated 99276 bytes in 3 msecs (HTTP/1.1 200) 3 headers in 128 bytes (1 switches on core 0)
[pid: 170067|app: 0|req: 3/3] 127.0.0.1 () {54 vars in 991 bytes} [Mon Mar 10 00:01:48 2025] GET /_dash-component-suites/dash/deps/react@16.v2_18_2m1735392550.14.0.min.js => generated 12463 bytes in 1 msecs (HTTP/1.1 200) 3 headers in 128 bytes (1 switches on core 0)
[pid: 170067|app: 0|req: 4/4] 127.0.0.1 () {54 vars in 999 bytes} [Mon Mar 10 00:01:48 2025] GET /_dash-component-suites/dash/deps/react-dom@16.v2_18_2m1735392550.14.0.min.js => generated 118656 bytes in 1 msecs (HTTP/1.1 200) 3 headers in 129 bytes (1 switches on core 0)
[pid: 170067|app: 0|req: 5/5] 127.0.0.1 () {54 vars in 999 bytes} [Mon Mar 10 00:01:48 2025] GET /_dash-component-suites/dash/deps/prop-types@15.v2_18_2m1735392550.8.1.min.js => generated 1722 bytes in 1 msecs (HTTP/1.1 200) 3 headers in 127 bytes (1 switches on core 0)
[pid: 170067|app: 0|req: 6/6] 127.0.0.1 () {54 vars in 1021 bytes} [Mon Mar 10 00:01:48 2025] GET /_dash-component-suites/dash/dash-renderer/build/dash_renderer.v2_18_2m1735392549.min.js => generated 252458 bytes in 3 msecs (HTTP/1.1 200) 3 headers in 129 bytes (2 switches on core 0)
[pid: 170067|app: 0|req: 7/7] 127.0.0.1 () {54 vars in 995 bytes} [Mon Mar 10 00:01:48 2025] GET /_dash-component-suites/dash/dcc/dash_core_components.v2_14_3m1735392549.js => generated 741848 bytes in 5 msecs (HTTP/1.1 200) 3 headers in 129 bytes (3 switches on core 0)
[pid: 170067|app: 0|req: 8/8] 127.0.0.1 () {54 vars in 1009 bytes} [Mon Mar 10 00:01:48 2025] GET /_dash-component-suites/dash/dcc/dash_core_components-shared.v2_14_3m1735392549.js => generated 18556 bytes in 1 msecs (HTTP/1.1 200) 3 headers in 128 bytes (1 switches on core 0)
[pid: 170067|app: 0|req: 9/9] 127.0.0.1 () {54 vars in 1005 bytes} [Mon Mar 10 00:01:48 2025] GET /_dash-component-suites/dash/html/dash_html_components.v2_0_20m1735392550.min.js => generated 217424 bytes in 2 msecs (HTTP/1.1 200) 3 headers in 129 bytes (1 switches on core 0)
[pid: 170067|app: 0|req: 10/10] 127.0.0.1 () {54 vars in 981 bytes} [Mon Mar 10 00:01:48 2025] GET /_dash-component-suites/dash/dash_table/bundle.v5_2_13m1735392549.js => generated 33615 bytes in 1 msecs (HTTP/1.1 200) 3 headers in 128 bytes (1 switches on core 0)
[pid: 170067|app: 0|req: 11/11] 127.0.0.1 () {44 vars in 822 bytes} [Mon Mar 10 00:01:48 2025] GET /_dash-component-suites/dash/dcc/dash_core_components.js.map => generated 0 bytes in 13 msecs (HTTP/1.1 304) 0 headers in 29 bytes (0 switches on core 0)
[pid: 170067|app: 0|req: 12/12] 127.0.0.1 () {44 vars in 836 bytes} [Mon Mar 10 00:01:48 2025] GET /_dash-component-suites/dash/dcc/dash_core_components-shared.js.map => generated 0 bytes in 1 msecs (HTTP/1.1 304) 0 headers in 29 bytes (0 switches on core 0)
[pid: 170067|app: 0|req: 13/13] 127.0.0.1 () {44 vars in 832 bytes} [Mon Mar 10 00:01:48 2025] GET /_dash-component-suites/dash/html/dash_html_components.min.js.map => generated 0 bytes in 4 msecs (HTTP/1.1 304) 0 headers in 29 bytes (0 switches on core 0)
[pid: 170067|app: 0|req: 14/14] 127.0.0.1 () {44 vars in 808 bytes} [Mon Mar 10 00:01:48 2025] GET /_dash-component-suites/dash/dash_table/bundle.js.map => generated 0 bytes in 1 msecs (HTTP/1.1 304) 0 headers in 29 bytes (0 switches on core 0)
[pid: 170067|app: 0|req: 15/15] 127.0.0.1 () {58 vars in 962 bytes} [Mon Mar 10 00:01:48 2025] GET /_dash-layout => generated 2174 bytes in 0 msecs (HTTP/1.1 200) 2 headers in 73 bytes (1 switches on core 0)
[pid: 170067|app: 0|req: 16/16] 127.0.0.1 () {58 vars in 974 bytes} [Mon Mar 10 00:01:48 2025] GET /_dash-dependencies => generated 2113 bytes in 0 msecs (HTTP/1.1 200) 2 headers in 73 bytes (1 switches on core 0)
[pid: 170067|app: 0|req: 17/17] 127.0.0.1 () {54 vars in 948 bytes} [Mon Mar 10 00:01:48 2025] GET /_favicon.ico?v=2.18.2 => generated 15086 bytes in 1 msecs (HTTP/1.1 200) 2 headers in 70 bytes (1 switches on core 0)
[pid: 170067|app: 0|req: 18/18] 127.0.0.1 () {62 vars in 1043 bytes} [Mon Mar 10 00:01:48 2025] POST /_dash-update-component => generated 16559 bytes in 3 msecs (HTTP/1.1 200) 2 headers in 74 bytes (1 switches on core 0)
[pid: 170067|app: 0|req: 19/19] 127.0.0.1 () {56 vars in 1013 bytes} [Mon Mar 10 00:01:48 2025] GET /_dash-component-suites/dash/dcc/async-datepicker.js => generated 0 bytes in 2 msecs (HTTP/1.1 304) 0 headers in 29 bytes (0 switches on core 0)
[pid: 170067|app: 0|req: 20/20] 127.0.0.1 () {56 vars in 1009 bytes} [Mon Mar 10 00:01:48 2025] GET /_dash-component-suites/dash/dcc/async-dropdown.js => generated 0 bytes in 2 msecs (HTTP/1.1 304) 0 headers in 29 bytes (0 switches on core 0)
[pid: 170067|app: 0|req: 21/21] 127.0.0.1 () {56 vars in 1003 bytes} [Mon Mar 10 00:01:48 2025] GET /_dash-component-suites/dash/dcc/async-graph.js => generated 0 bytes in 1 msecs (HTTP/1.1 304) 0 headers in 29 bytes (0 switches on core 0)
[pid: 170067|app: 0|req: 22/22] 127.0.0.1 () {56 vars in 1023 bytes} [Mon Mar 10 00:01:48 2025] GET /_dash-component-suites/plotly/package_data/plotly.min.js => generated 0 bytes in 21 msecs (HTTP/1.1 304) 0 headers in 29 bytes (0 switches on core 0)
2025-03-10
[pid: 170067|app: 0|req: 23/23] 127.0.0.1 () {62 vars in 1043 bytes} [Mon Mar 10 00:01:48 2025] POST /_dash-update-component => generated 7290 bytes in 104 msecs (HTTP/1.1 200) 2 headers in 73 bytes (1 switches on core 0)
2025-03-10
[pid: 170067|app: 0|req: 24/24] 127.0.0.1 () {62 vars in 1043 bytes} [Mon Mar 10 00:01:49 2025] POST /_dash-update-component => generated 7329 bytes in 55 msecs (HTTP/1.1 200) 2 headers in 73 bytes (1 switches on core 0)
[pid: 170067|app: 0|req: 25/25] 127.0.0.1 () {44 vars in 814 bytes} [Mon Mar 10 00:01:49 2025] GET /_dash-component-suites/dash/dcc/async-datepicker.js.map => generated 0 bytes in 5 msecs (HTTP/1.1 304) 0 headers in 29 bytes (0 switches on core 0)
[pid: 170067|app: 0|req: 26/26] 127.0.0.1 () {44 vars in 810 bytes} [Mon Mar 10 00:01:49 2025] GET /_dash-component-suites/dash/dcc/async-dropdown.js.map => generated 0 bytes in 3 msecs (HTTP/1.1 304) 0 headers in 29 bytes (0 switches on core 0)
[pid: 170067|app: 0|req: 27/27] 127.0.0.1 () {44 vars in 804 bytes} [Mon Mar 10 00:01:49 2025] GET /_dash-component-suites/dash/dcc/async-graph.js.map => generated 0 bytes in 1 msecs (HTTP/1.1 304) 0 headers in 29 bytes (0 switches on core 0)
SIGINT/SIGTERM received...killing workers...
worker 1 buried after 1 seconds
goodbye to uWSGI.
VACUUM: unix socket /tmp/uwsgi.sock removed.
